---
source: src/lib.rs
expression: expanded.to_string()
---
const FONT : [[u8 ; 16] ; 256usize] = [[0u8 , 0u8 , 0u8 , 0u8 , 0u8 , 0u8 , 0u8 , 0u8 , 0u8 , 0u8 , 0u8 , 0u8 , 0u8 , 0u8 , 0u8 , 0u8 ,] , [16u8 , 16u8 , 56u8 , 56u8 , 124u8 , 124u8 , 254u8 , 254u8 , 124u8 , 124u8 , 56u8 , 56u8 , 16u8 , 16u8 , 0u8 , 0u8 ,] , [85u8 , 170u8 , 85u8 , 170u8 , 85u8 , 170u8 , 85u8 , 170u8 , 85u8 , 170u8 , 85u8 , 170u8 , 85u8 , 170u8 , 0u8 , 0u8 ,] , [0u8 , 136u8 , 136u8 , 136u8 , 248u8 , 136u8 , 136u8 , 136u8 , 0u8 , 62u8 , 8u8 , 8u8 , 8u8 , 8u8 , 8u8 , 8u8 ,] , [0u8 , 248u8 , 128u8 , 128u8 , 240u8 , 128u8 , 128u8 , 128u8 , 62u8 , 32u8 , 32u8 , 60u8 , 32u8 , 32u8 , 32u8 , 0u8 ,] , [0u8 , 112u8 , 136u8 , 128u8 , 128u8 , 128u8 , 136u8 , 112u8 , 0u8 , 60u8 , 34u8 , 34u8 , 60u8 , 40u8 , 36u8 , 34u8 ,] , [0u8 , 128u8 , 128u8 , 128u8 , 128u8 , 128u8 , 128u8 , 248u8 , 0u8 , 62u8 , 32u8 , 32u8 , 60u8 , 32u8 , 32u8 , 32u8 ,] , [0u8 , 0u8 , 56u8 , 68u8 , 68u8 , 68u8 , 56u8 , 0u8 , 0u8 , 0u8 , 0u8 , 0u8 , 0u8 , 0u8 , 0u8 , 0u8 ,] , [0u8 , 0u8 , 16u8 , 16u8 , 16u8 , 16u8 , 254u8 , 16u8 , 16u8 , 16u8 , 16u8 , 0u8 , 254u8 , 0u8 , 0u8 , 0u8 ,] , [0u8 , 132u8 , 196u8 , 164u8 , 164u8 , 148u8 , 148u8 , 140u8 , 132u8 , 32u8 , 32u8 , 32u8 , 32u8 , 32u8 , 32u8 , 62u8 ,] , [0u8 , 0u8 , 136u8 , 136u8 , 136u8 , 80u8 , 80u8 , 32u8 , 0u8 , 62u8 , 8u8 , 8u8 , 8u8 , 8u8 , 8u8 , 0u8 ,] , [16u8 , 16u8 , 16u8 , 16u8 , 16u8 , 16u8 , 16u8 , 16u8 , 240u8 , 0u8 , 0u8 , 0u8 , 0u8 , 0u8 , 0u8 , 0u8 ,] , [0u8 , 0u8 , 0u8 , 0u8 , 0u8 , 0u8 , 0u8 , 0u8 , 240u8 , 16u8 , 16u8 , 16u8 , 16u8 , 16u8 , 16u8 , 16u8 ,] , [0u8 , 0u8 , 0u8 , 0u8 , 0u8 , 0u8 , 0u8 , 0u8 , 31u8 , 16u8 , 16u8 , 16u8 , 16u8 , 16u8 , 16u8 , 16u8 ,] , [16u8 , 16u8 , 16u8 , 16u8 , 16u8 , 16u8 , 16u8 , 16u8 , 31u8 , 0u8 , 0u8 , 0u8 , 0u8 , 0u8 , 0u8 , 0u8 ,] , [16u8 , 16u8 , 16u8 , 16u8 , 16u8 , 16u8 , 16u8 , 16u8 , 255u8 , 16u8 , 16u8 , 16u8 , 16u8 , 16u8 , 16u8 , 16u8 ,] , [0u8 , 0u8 , 255u8 , 0u8 , 0u8 , 0u8 , 0u8 , 0u8 , 0u8 , 0u8 , 0u8 , 0u8 , 0u8 , 0u8 , 0u8 , 0u8 ,] , [0u8 , 0u8 , 0u8 , 0u8 , 0u8 , 255u8 , 0u8 , 0u8 , 0u8 , 0u8 , 0u8 , 0u8 , 0u8 , 0u8 , 0u8 , 0u8 ,] , [0u8 , 0u8 , 0u8 , 0u8 , 0u8 , 0u8 , 0u8 , 0u8 , 255u8 , 0u8 , 0u8 , 0u8 , 0u8 , 0u8 , 0u8 , 0u8 ,] , [0u8 , 0u8 , 0u8 , 0u8 , 0u8 , 0u8 , 0u8 , 0u8 , 0u8 , 0u8 , 0u8 , 255u8 , 0u8 , 0u8 , 0u8 , 0u8 ,] , [0u8 , 0u8 , 0u8 , 0u8 , 0u8 , 0u8 , 0u8 , 0u8 , 0u8 , 0u8 , 0u8 , 0u8 , 0u8 , 0u8 , 255u8 , 0u8 ,] , [16u8 , 16u8 , 16u8 , 16u8 , 16u8 , 16u8 , 16u8 , 16u8 , 31u8 , 16u8 , 16u8 , 16u8 , 16u8 , 16u8 , 16u8 , 16u8 ,] , [16u8 , 16u8 , 16u8 , 16u8 , 16u8 , 16u8 , 16u8 , 16u8 , 240u8 , 16u8 , 16u8 , 16u8 , 16u8 , 16u8 , 16u8 , 16u8 ,] , [16u8 , 16u8 , 16u8 , 16u8 , 16u8 , 16u8 , 16u8 , 16u8 , 255u8 , 0u8 , 0u8 , 0u8 , 0u8 , 0u8 , 0u8 , 0u8 ,] , [0u8 , 0u8 , 0u8 , 0u8 , 0u8 , 0u8 , 0u8 , 0u8 , 255u8 , 16u8 , 16u8 , 16u8 , 16u8 , 16u8 , 16u8 , 16u8 ,] , [16u8 , 16u8 , 16u8 , 16u8 , 16u8 , 16u8 , 16u8 , 16u8 , 16u8 , 16u8 , 16u8 , 16u8 , 16u8 , 16u8 , 16u8 , 16u8 ,] , [0u8 , 0u8 , 2u8 , 12u8 , 48u8 , 192u8 , 48u8 , 12u8 , 2u8 , 0u8 , 254u8 , 0u8 , 254u8 , 0u8 , 0u8 , 0u8 ,] , [0u8 , 0u8 , 0u8 , 128u8 , 96u8 , 24u8 , 6u8 , 24u8 , 96u8 , 128u8 , 254u8 , 0u8 , 254u8 , 0u8 , 0u8 , 0u8 ,] , [0u8 , 0u8 , 0u8 , 0u8 , 0u8 , 0u8 , 0u8 , 254u8 , 36u8 , 36u8 , 36u8 , 36u8 , 68u8 , 132u8 , 0u8 , 0u8 ,] , [0u8 , 0u8 , 0u8 , 0u8 , 2u8 , 4u8 , 8u8 , 254u8 , 16u8 , 254u8 , 32u8 , 64u8 , 128u8 , 0u8 , 0u8 , 0u8 ,] , [0u8 , 0u8 , 0u8 , 0u8 , 12u8 , 18u8 , 16u8 , 16u8 , 16u8 , 124u8 , 16u8 , 16u8 , 60u8 , 82u8 , 32u8 , 0u8 ,] , [0u8 , 0u8 , 0u8 , 0u8 , 0u8 , 0u8 , 0u8 , 0u8 , 16u8 , 0u8 , 0u8 , 0u8 , 0u8 , 0u8 , 0u8 , 0u8 ,] , [0u8 , 0u8 , 0u8 , 0u8 , 0u8 , 0u8 , 0u8 , 0u8 , 0u8 , 0u8 , 0u8 , 0u8 , 0u8 , 0u8 , 0u8 , 0u8 ,] , [0u8 , 24u8 , 24u8 , 24u8 , 24u8 , 16u8 , 16u8 , 16u8 , 16u8 , 16u8 , 16u8 , 0u8 , 0u8 , 16u8 , 16u8 , 0u8 ,] , [108u8 , 36u8 , 36u8 , 72u8 , 0u8 , 0u8 , 0u8 , 0u8 , 0u8 , 0u8 , 0u8 , 0u8 , 0u8 , 0u8 , 0u8 , 0u8 ,] , [0u8 , 18u8 , 18u8 , 18u8 , 127u8 , 36u8 , 36u8 , 36u8 , 36u8 , 36u8 , 254u8 , 72u8 , 72u8 , 72u8 , 72u8 , 0u8 ,] , [16u8 , 56u8 , 84u8 , 146u8 , 146u8 , 144u8 , 80u8 , 56u8 , 20u8 , 18u8 , 146u8 , 146u8 , 84u8 , 56u8 , 16u8 , 16u8 ,] , [1u8 , 97u8 , 146u8 , 146u8 , 148u8 , 148u8 , 104u8 , 8u8 , 16u8 , 22u8 , 41u8 , 41u8 , 73u8 , 73u8 , 134u8 , 128u8 ,] , [0u8 , 56u8 , 68u8 , 68u8 , 68u8 , 40u8 , 16u8 , 48u8 , 74u8 , 138u8 , 132u8 , 132u8 , 74u8 , 49u8 , 0u8 , 0u8 ,] , [96u8 , 32u8 , 32u8 , 64u8 , 0u8 , 0u8 , 0u8 , 0u8 , 0u8 , 0u8 , 0u8 , 0u8 , 0u8 , 0u8 , 0u8 , 0u8 ,] , [0u8 , 2u8 , 4u8 , 8u8 , 8u8 , 16u8 , 16u8 , 16u8 , 16u8 , 16u8 , 16u8 , 16u8 , 8u8 , 8u8 , 4u8 , 2u8 ,] , [0u8 , 64u8 , 32u8 , 16u8 , 16u8 , 8u8 , 8u8 , 8u8 , 8u8 , 8u8 , 8u8 , 8u8 , 16u8 , 16u8 , 32u8 , 64u8 ,] , [0u8 , 0u8 , 0u8 , 0u8 , 16u8 , 146u8 , 84u8 , 56u8 , 84u8 , 146u8 , 16u8 , 0u8 , 0u8 , 0u8 , 0u8 , 0u8 ,] , [0u8 , 0u8 , 0u8 , 16u8 , 16u8 , 16u8 , 16u8 , 254u8 , 16u8 , 16u8 , 16u8 , 16u8 , 0u8 , 0u8 , 0u8 , 0u8 ,] , [0u8 , 0u8 , 0u8 , 0u8 , 0u8 , 0u8 , 0u8 , 0u8 , 0u8 , 0u8 , 0u8 , 0u8 , 96u8 , 32u8 , 32u8 , 64u8 ,] , [0u8 , 0u8 , 0u8 , 0u8 , 0u8 , 0u8 , 0u8 , 254u8 , 0u8 , 0u8 , 0u8 , 0u8 , 0u8 , 0u8 , 0u8 , 0u8 ,] , [0u8 , 0u8 , 0u8 , 0u8 , 0u8 , 0u8 , 0u8 , 0u8 , 0u8 , 0u8 , 0u8 , 0u8 , 96u8 , 96u8 , 0u8 , 0u8 ,] , [0u8 , 2u8 , 2u8 , 4u8 , 4u8 , 8u8 , 8u8 , 16u8 , 16u8 , 32u8 , 32u8 , 64u8 , 64u8 , 128u8 , 128u8 , 0u8 ,] , [0u8 , 24u8 , 36u8 , 36u8 , 66u8 , 66u8 , 66u8 , 66u8 , 66u8 , 66u8 , 66u8 , 36u8 , 36u8 , 24u8 , 0u8 , 0u8 ,] , [0u8 , 16u8 , 16u8 , 48u8 , 80u8 , 16u8 , 16u8 , 16u8 , 16u8 , 16u8 , 16u8 , 16u8 , 16u8 , 16u8 , 0u8 , 0u8 ,] , [0u8 , 24u8 , 36u8 , 66u8 , 66u8 , 2u8 , 4u8 , 8u8 , 16u8 , 32u8 , 32u8 , 64u8 , 64u8 , 126u8 , 0u8 , 0u8 ,] , [0u8 , 56u8 , 68u8 , 130u8 , 130u8 , 2u8 , 4u8 , 56u8 , 4u8 , 2u8 , 130u8 , 130u8 , 68u8 , 56u8 , 0u8 , 0u8 ,] , [0u8 , 8u8 , 24u8 , 24u8 , 40u8 , 40u8 , 72u8 , 72u8 , 136u8 , 254u8 , 8u8 , 8u8 , 8u8 , 8u8 , 0u8 , 0u8 ,] , [0u8 , 124u8 , 64u8 , 64u8 , 64u8 , 184u8 , 196u8 , 130u8 , 2u8 , 2u8 , 130u8 , 130u8 , 68u8 , 56u8 , 0u8 , 0u8 ,] , [0u8 , 56u8 , 68u8 , 64u8 , 128u8 , 128u8 , 184u8 , 196u8 , 130u8 , 130u8 , 130u8 , 130u8 , 68u8 , 56u8 , 0u8 , 0u8 ,] , [0u8 , 254u8 , 2u8 , 4u8 , 4u8 , 8u8 , 8u8 , 8u8 , 8u8 , 16u8 , 16u8 , 16u8 , 16u8 , 16u8 , 16u8 , 0u8 ,] , [0u8 , 56u8 , 68u8 , 130u8 , 130u8 , 130u8 , 68u8 , 56u8 , 68u8 , 130u8 , 130u8 , 130u8 , 68u8 , 56u8 , 0u8 , 0u8 ,] , [0u8 , 56u8 , 68u8 , 130u8 , 130u8 , 130u8 , 130u8 , 70u8 , 58u8 , 2u8 , 2u8 , 130u8 , 68u8 , 56u8 , 0u8 , 0u8 ,] , [0u8 , 0u8 , 0u8 , 0u8 , 24u8 , 24u8 , 0u8 , 0u8 , 0u8 , 0u8 , 0u8 , 24u8 , 24u8 , 0u8 , 0u8 , 0u8 ,] , [0u8 , 0u8 , 0u8 , 0u8 , 24u8 , 24u8 , 0u8 , 0u8 , 0u8 , 0u8 , 24u8 , 8u8 , 8u8 , 16u8 , 0u8 , 0u8 ,] , [0u8 , 0u8 , 0u8 , 2u8 , 4u8 , 8u8 , 16u8 , 32u8 , 32u8 , 16u8 , 8u8 , 4u8 , 2u8 , 0u8 , 0u8 , 0u8 ,] , [0u8 , 0u8 , 0u8 , 0u8 , 0u8 , 254u8 , 0u8 , 0u8 , 0u8 , 254u8 , 0u8 , 0u8 , 0u8 , 0u8 , 0u8 , 0u8 ,] , [0u8 , 0u8 , 0u8 , 64u8 , 32u8 , 16u8 , 8u8 , 4u8 , 4u8 , 8u8 , 16u8 , 32u8 , 64u8 , 0u8 , 0u8 , 0u8 ,] , [0u8 , 56u8 , 68u8 , 130u8 , 130u8 , 130u8 , 4u8 , 8u8 , 8u8 , 16u8 , 16u8 , 0u8 , 0u8 , 16u8 , 16u8 , 0u8 ,] , [0u8 , 24u8 , 36u8 , 66u8 , 90u8 , 181u8 , 165u8 , 165u8 , 165u8 , 154u8 , 64u8 , 64u8 , 34u8 , 28u8 , 0u8 , 0u8 ,] , [0u8 , 16u8 , 16u8 , 40u8 , 40u8 , 40u8 , 68u8 , 68u8 , 68u8 , 124u8 , 130u8 , 130u8 , 130u8 , 130u8 , 0u8 , 0u8 ,] , [0u8 , 240u8 , 136u8 , 132u8 , 132u8 , 132u8 , 136u8 , 248u8 , 132u8 , 130u8 , 130u8 , 130u8 , 132u8 , 248u8 , 0u8 , 0u8 ,] , [0u8 , 56u8 , 68u8 , 66u8 , 128u8 , 128u8 , 128u8 , 128u8 , 128u8 , 128u8 , 128u8 , 66u8 , 68u8 , 56u8 , 0u8 , 0u8 ,] , [0u8 , 240u8 , 136u8 , 132u8 , 132u8 , 130u8 , 130u8 , 130u8 , 130u8 , 130u8 , 132u8 , 132u8 , 136u8 , 240u8 , 0u8 , 0u8 ,] , [0u8 , 254u8 , 128u8 , 128u8 , 128u8 , 128u8 , 128u8 , 252u8 , 128u8 , 128u8 , 128u8 , 128u8 , 128u8 , 254u8 , 0u8 , 0u8 ,] , [0u8 , 254u8 , 128u8 , 128u8 , 128u8 , 128u8 , 128u8 , 252u8 , 128u8 , 128u8 , 128u8 , 128u8 , 128u8 , 128u8 , 0u8 , 0u8 ,] , [0u8 , 24u8 , 36u8 , 66u8 , 64u8 , 128u8 , 128u8 , 142u8 , 130u8 , 130u8 , 130u8 , 66u8 , 102u8 , 26u8 , 0u8 , 0u8 ,] , [0u8 , 130u8 , 130u8 , 130u8 , 130u8 , 130u8 , 130u8 , 254u8 , 130u8 , 130u8 , 130u8 , 130u8 , 130u8 , 130u8 , 0u8 , 0u8 ,] , [0u8 , 56u8 , 16u8 , 16u8 , 16u8 , 16u8 , 16u8 , 16u8 , 16u8 , 16u8 , 16u8 , 16u8 , 16u8 , 56u8 , 0u8 , 0u8 ,] , [0u8 , 2u8 , 2u8 , 2u8 , 2u8 , 2u8 , 2u8 , 2u8 , 2u8 , 2u8 , 2u8 , 66u8 , 36u8 , 24u8 , 0u8 , 0u8 ,] , [0u8 , 66u8 , 66u8 , 68u8 , 68u8 , 72u8 , 88u8 , 104u8 , 100u8 , 68u8 , 66u8 , 66u8 , 65u8 , 65u8 , 0u8 , 0u8 ,] , [0u8 , 64u8 , 64u8 , 64u8 , 64u8 , 64u8 , 64u8 , 64u8 , 64u8 , 64u8 , 64u8 , 64u8 , 64u8 , 126u8 , 0u8 , 0u8 ,] , [0u8 , 130u8 , 130u8 , 198u8 , 198u8 , 198u8 , 170u8 , 170u8 , 170u8 , 146u8 , 146u8 , 146u8 , 146u8 , 130u8 , 0u8 , 0u8 ,] , [0u8 , 130u8 , 194u8 , 194u8 , 162u8 , 162u8 , 146u8 , 146u8 , 146u8 , 138u8 , 138u8 , 134u8 , 134u8 , 130u8 , 0u8 , 0u8 ,] , [0u8 , 56u8 , 68u8 , 68u8 , 130u8 , 130u8 , 130u8 , 130u8 , 130u8 , 130u8 , 130u8 , 68u8 , 68u8 , 56u8 , 0u8 , 0u8 ,] , [0u8 , 248u8 , 132u8 , 130u8 , 130u8 , 130u8 , 132u8 , 248u8 , 128u8 , 128u8 , 128u8 , 128u8 , 128u8 , 128u8 , 0u8 , 0u8 ,] , [0u8 , 56u8 , 68u8 , 68u8 , 130u8 , 130u8 , 130u8 , 130u8 , 130u8 , 130u8 , 186u8 , 68u8 , 68u8 , 56u8 , 8u8 , 6u8 ,] , [0u8 , 248u8 , 132u8 , 130u8 , 130u8 , 130u8 , 132u8 , 248u8 , 136u8 , 132u8 , 132u8 , 132u8 , 130u8 , 130u8 , 0u8 , 0u8 ,] , [0u8 , 56u8 , 68u8 , 130u8 , 130u8 , 128u8 , 96u8 , 24u8 , 4u8 , 2u8 , 130u8 , 130u8 , 68u8 , 56u8 , 0u8 , 0u8 ,] , [0u8 , 254u8 , 16u8 , 16u8 , 16u8 , 16u8 , 16u8 , 16u8 , 16u8 , 16u8 , 16u8 , 16u8 , 16u8 , 16u8 , 0u8 , 0u8 ,] , [0u8 , 130u8 , 130u8 , 130u8 , 130u8 , 130u8 , 130u8 , 130u8 , 130u8 , 130u8 , 130u8 , 130u8 , 68u8 , 56u8 , 0u8 , 0u8 ,] , [0u8 , 130u8 , 130u8 , 130u8 , 130u8 , 68u8 , 68u8 , 68u8 , 40u8 , 40u8 , 40u8 , 16u8 , 16u8 , 16u8 , 0u8 , 0u8 ,] , [0u8 , 146u8 , 146u8 , 146u8 , 146u8 , 146u8 , 146u8 , 170u8 , 170u8 , 108u8 , 68u8 , 68u8 , 68u8 , 68u8 , 0u8 , 0u8 ,] , [0u8 , 130u8 , 68u8 , 68u8 , 40u8 , 40u8 , 16u8 , 40u8 , 40u8 , 40u8 , 68u8 , 68u8 , 130u8 , 130u8 , 0u8 , 0u8 ,] , [0u8 , 130u8 , 130u8 , 68u8 , 68u8 , 68u8 , 40u8 , 40u8 , 16u8 , 16u8 , 16u8 , 16u8 , 16u8 , 16u8 , 0u8 , 0u8 ,] , [0u8 , 254u8 , 4u8 , 4u8 , 8u8 , 8u8 , 16u8 , 16u8 , 32u8 , 32u8 , 64u8 , 64u8 , 128u8 , 254u8 , 0u8 , 0u8 ,] , [30u8 , 16u8 , 16u8 , 16u8 , 16u8 , 16u8 , 16u8 , 16u8 , 16u8 , 16u8 , 16u8 , 16u8 , 16u8 , 16u8 , 16u8 , 30u8 ,] , [0u8 , 128u8 , 128u8 , 64u8 , 64u8 , 32u8 , 32u8 , 16u8 , 16u8 , 8u8 , 8u8 , 4u8 , 4u8 , 2u8 , 2u8 , 0u8 ,] , [240u8 , 16u8 , 16u8 , 16u8 , 16u8 , 16u8 , 16u8 , 16u8 , 16u8 , 16u8 , 16u8 , 16u8 , 16u8 , 16u8 , 16u8 , 240u8 ,] , [16u8 , 40u8 , 68u8 , 130u8 , 0u8 , 0u8 , 0u8 , 0u8 , 0u8 , 0u8 , 0u8 , 0u8 , 0u8 , 0u8 , 0u8 , 0u8 ,] , [0u8 , 0u8 , 0u8 , 0u8 , 0u8 , 0u8 , 0u8 , 0u8 , 0u8 , 0u8 , 0u8 , 0u8 , 0u8 , 0u8 , 254u8 , 0u8 ,] , [48u8 , 32u8 , 32u8 , 16u8 , 0u8 , 0u8 , 0u8 , 0u8 , 0u8 , 0u8 , 0u8 , 0u8 , 0u8 , 0u8 , 0u8 , 0u8 ,] , [0u8 , 0u8 , 0u8 , 0u8 , 0u8 , 60u8 , 66u8 , 2u8 , 62u8 , 66u8 , 130u8 , 130u8 , 134u8 , 122u8 , 0u8 , 0u8 ,] , [0u8 , 128u8 , 128u8 , 128u8 , 128u8 , 184u8 , 196u8 , 130u8 , 130u8 , 130u8 , 130u8 , 130u8 , 196u8 , 184u8 , 0u8 , 0u8 ,] , [0u8 , 0u8 , 0u8 , 0u8 , 0u8 , 56u8 , 68u8 , 130u8 , 128u8 , 128u8 , 128u8 , 130u8 , 68u8 , 56u8 , 0u8 , 0u8 ,] , [0u8 , 2u8 , 2u8 , 2u8 , 2u8 , 58u8 , 70u8 , 130u8 , 130u8 , 130u8 , 130u8 , 130u8 , 70u8 , 58u8 , 0u8 , 0u8 ,] , [0u8 , 0u8 , 0u8 , 0u8 , 0u8 , 56u8 , 68u8 , 130u8 , 130u8 , 254u8 , 128u8 , 130u8 , 68u8 , 56u8 , 0u8 , 0u8 ,] , [0u8 , 12u8 , 16u8 , 16u8 , 16u8 , 124u8 , 16u8 , 16u8 , 16u8 , 16u8 , 16u8 , 16u8 , 16u8 , 16u8 , 0u8 , 0u8 ,] , [0u8 , 0u8 , 0u8 , 0u8 , 0u8 , 59u8 , 68u8 , 68u8 , 68u8 , 56u8 , 64u8 , 120u8 , 132u8 , 130u8 , 130u8 , 124u8 ,] , [0u8 , 64u8 , 64u8 , 64u8 , 64u8 , 92u8 , 98u8 , 66u8 , 66u8 , 66u8 , 66u8 , 66u8 , 66u8 , 66u8 , 0u8 , 0u8 ,] , [0u8 , 16u8 , 16u8 , 0u8 , 0u8 , 48u8 , 16u8 , 16u8 , 16u8 , 16u8 , 16u8 , 16u8 , 16u8 , 16u8 , 0u8 , 0u8 ,] , [0u8 , 8u8 , 8u8 , 0u8 , 0u8 , 24u8 , 8u8 , 8u8 , 8u8 , 8u8 , 8u8 , 8u8 , 8u8 , 8u8 , 16u8 , 96u8 ,] , [0u8 , 64u8 , 64u8 , 64u8 , 64u8 , 66u8 , 68u8 , 72u8 , 80u8 , 104u8 , 68u8 , 68u8 , 66u8 , 66u8 , 0u8 , 0u8 ,] , [0u8 , 48u8 , 16u8 , 16u8 , 16u8 , 16u8 , 16u8 , 16u8 , 16u8 , 16u8 , 16u8 , 16u8 , 16u8 , 16u8 , 0u8 , 0u8 ,] , [0u8 , 0u8 , 0u8 , 0u8 , 0u8 , 236u8 , 146u8 , 146u8 , 146u8 , 146u8 , 146u8 , 146u8 , 146u8 , 146u8 , 0u8 , 0u8 ,] , [0u8 , 0u8 , 0u8 , 0u8 , 0u8 , 92u8 , 98u8 , 66u8 , 66u8 , 66u8 , 66u8 , 66u8 , 66u8 , 66u8 , 0u8 , 0u8 ,] , [0u8 , 0u8 , 0u8 , 0u8 , 0u8 , 56u8 , 68u8 , 130u8 , 130u8 , 130u8 , 130u8 , 130u8 , 68u8 , 56u8 , 0u8 , 0u8 ,] , [0u8 , 0u8 , 0u8 , 0u8 , 0u8 , 184u8 , 196u8 , 130u8 , 130u8 , 130u8 , 130u8 , 196u8 , 184u8 , 128u8 , 128u8 , 128u8 ,] , [0u8 , 0u8 , 0u8 , 0u8 , 0u8 , 58u8 , 70u8 , 130u8 , 130u8 , 130u8 , 130u8 , 70u8 , 58u8 , 2u8 , 2u8 , 2u8 ,] , [0u8 , 0u8 , 0u8 , 0u8 , 0u8 , 44u8 , 48u8 , 32u8 , 32u8 , 32u8 , 32u8 , 32u8 , 32u8 , 32u8 , 0u8 , 0u8 ,] , [0u8 , 0u8 , 0u8 , 0u8 , 0u8 , 60u8 , 66u8 , 64u8 , 96u8 , 24u8 , 6u8 , 2u8 , 66u8 , 60u8 , 0u8 , 0u8 ,] , [0u8 , 0u8 , 16u8 , 16u8 , 16u8 , 124u8 , 16u8 , 16u8 , 16u8 , 16u8 , 16u8 , 16u8 , 16u8 , 12u8 , 0u8 , 0u8 ,] , [0u8 , 0u8 , 0u8 , 0u8 , 0u8 , 66u8 , 66u8 , 66u8 , 66u8 , 66u8 , 66u8 , 66u8 , 70u8 , 58u8 , 0u8 , 0u8 ,] , [0u8 , 0u8 , 0u8 , 0u8 , 0u8 , 130u8 , 130u8 , 130u8 , 68u8 , 68u8 , 40u8 , 40u8 , 16u8 , 16u8 , 0u8 , 0u8 ,] , [0u8 , 0u8 , 0u8 , 0u8 , 0u8 , 146u8 , 146u8 , 146u8 , 146u8 , 170u8 , 170u8 , 68u8 , 68u8 , 68u8 , 0u8 , 0u8 ,] , [0u8 , 0u8 , 0u8 , 0u8 , 0u8 , 130u8 , 68u8 , 40u8 , 40u8 , 16u8 , 40u8 , 40u8 , 68u8 , 130u8 , 0u8 , 0u8 ,] , [0u8 , 0u8 , 0u8 , 0u8 , 0u8 , 130u8 , 130u8 , 68u8 , 68u8 , 40u8 , 40u8 , 24u8 , 16u8 , 16u8 , 32u8 , 192u8 ,] , [0u8 , 0u8 , 0u8 , 0u8 , 0u8 , 126u8 , 4u8 , 8u8 , 8u8 , 16u8 , 16u8 , 32u8 , 64u8 , 254u8 , 0u8 , 0u8 ,] , [4u8 , 8u8 , 8u8 , 8u8 , 8u8 , 8u8 , 8u8 , 16u8 , 8u8 , 8u8 , 8u8 , 8u8 , 8u8 , 8u8 , 8u8 , 4u8 ,] , [16u8 , 16u8 , 16u8 , 16u8 , 16u8 , 16u8 , 16u8 , 16u8 , 16u8 , 16u8 , 16u8 , 16u8 , 16u8 , 16u8 , 16u8 , 16u8 ,] , [64u8 , 32u8 , 32u8 , 32u8 , 32u8 , 32u8 , 32u8 , 16u8 , 32u8 , 32u8 , 32u8 , 32u8 , 32u8 , 32u8 , 32u8 , 64u8 ,] , [0u8 , 0u8 , 0u8 , 96u8 , 146u8 , 12u8 , 0u8 , 0u8 , 0u8 , 0u8 , 0u8 , 0u8 , 0u8 , 0u8 , 0u8 , 0u8 ,] , [0u8 , 0u8 , 0u8 , 0u8 , 0u8 , 0u8 , 0u8 , 0u8 , 0u8 , 0u8 , 0u8 , 0u8 , 0u8 , 0u8 , 0u8 , 0u8 ,] , [0u8 , 0u8 , 0u8 , 0u8 , 0u8 , 0u8 , 0u8 , 0u8 , 0u8 , 0u8 , 0u8 , 0u8 , 0u8 , 0u8 , 0u8 , 0u8 ,] , [0u8 , 0u8 , 0u8 , 0u8 , 0u8 , 0u8 , 0u8 , 0u8 , 0u8 , 0u8 , 0u8 , 0u8 , 0u8 , 0u8 , 0u8 , 0u8 ,] , [0u8 , 0u8 , 0u8 , 0u8 , 0u8 , 0u8 , 0u8 , 0u8 , 0u8 , 0u8 , 0u8 , 0u8 , 0u8 , 0u8 , 0u8 , 0u8 ,] , [0u8 , 0u8 , 0u8 , 0u8 , 0u8 , 0u8 , 0u8 , 0u8 , 0u8 , 0u8 , 0u8 , 0u8 , 0u8 , 0u8 , 0u8 , 0u8 ,] , [0u8 , 0u8 , 0u8 , 0u8 , 0u8 , 0u8 , 0u8 , 0u8 , 0u8 , 0u8 , 0u8 , 0u8 , 0u8 , 0u8 , 0u8 , 0u8 ,] , [0u8 , 0u8 , 0u8 , 0u8 , 0u8 , 0u8 , 0u8 , 0u8 , 0u8 , 0u8 , 0u8 , 0u8 , 0u8 , 0u8 , 0u8 , 0u8 ,] , [0u8 , 0u8 , 0u8 , 0u8 , 0u8 , 0u8 , 0u8 , 0u8 , 0u8 , 0u8 , 0u8 , 0u8 , 0u8 , 0u8 , 0u8 , 0u8 ,] , [0u8 , 0u8 , 0u8 , 0u8 , 0u8 , 0u8 , 0u8 , 0u8 , 0u8 , 0u8 , 0u8 , 0u8 , 0u8 , 0u8 , 0u8 , 0u8 ,] , [0u8 , 0u8 , 0u8 , 0u8 , 0u8 , 0u8 , 0u8 , 0u8 , 0u8 , 0u8 , 0u8 , 0u8 , 0u8 , 0u8 , 0u8 , 0u8 ,] , [0u8 , 0u8 , 0u8 , 0u8 , 0u8 , 0u8 , 0u8 , 0u8 , 0u8 , 0u8 , 0u8 , 0u8 , 0u8 , 0u8 , 0u8 , 0u8 ,] , [0u8 , 0u8 , 0u8 , 0u8 , 0u8 , 0u8 , 0u8 , 0u8 , 0u8 , 0u8 , 0u8 , 0u8 , 0u8 , 0u8 , 0u8 , 0u8 ,] , [0u8 , 0u8 , 0u8 , 0u8 , 0u8 , 0u8 , 0u8 , 0u8 , 0u8 , 0u8 , 0u8 , 0u8 , 0u8 , 0u8 , 0u8 , 0u8 ,] , [0u8 , 0u8 , 0u8 , 0u8 , 0u8 , 0u8 , 0u8 , 0u8 , 0u8 , 0u8 , 0u8 , 0u8 , 0u8 , 0u8 , 0u8 , 0u8 ,] , [0u8 , 0u8 , 0u8 , 0u8 , 0u8 , 0u8 , 0u8 , 0u8 , 0u8 , 0u8 , 0u8 , 0u8 , 0u8 , 0u8 , 0u8 , 0u8 ,] , [0u8 , 0u8 , 0u8 , 0u8 , 0u8 , 0u8 , 0u8 , 0u8 , 0u8 , 0u8 , 0u8 , 0u8 , 0u8 , 0u8 , 0u8 , 0u8 ,] , [0u8 , 0u8 , 0u8 , 0u8 , 0u8 , 0u8 , 0u8 , 0u8 , 0u8 , 0u8 , 0u8 , 0u8 , 0u8 , 0u8 , 0u8 , 0u8 ,] , [0u8 , 0u8 , 0u8 , 0u8 , 0u8 , 0u8 , 0u8 , 0u8 , 0u8 , 0u8 , 0u8 , 0u8 , 0u8 , 0u8 , 0u8 , 0u8 ,] , [0u8 , 0u8 , 0u8 , 0u8 , 0u8 , 0u8 , 0u8 , 0u8 , 0u8 , 0u8 , 0u8 , 0u8 , 0u8 , 0u8 , 0u8 , 0u8 ,] , [0u8 , 0u8 , 0u8 , 0u8 , 0u8 , 0u8 , 0u8 , 0u8 , 0u8 , 0u8 , 0u8 , 0u8 , 0u8 , 0u8 , 0u8 , 0u8 ,] , [0u8 , 0u8 , 0u8 , 0u8 , 0u8 , 0u8 , 0u8 , 0u8 , 0u8 , 0u8 , 0u8 , 0u8 , 0u8 , 0u8 , 0u8 , 0u8 ,] , [0u8 , 0u8 , 0u8 , 0u8 , 0u8 , 0u8 , 0u8 , 0u8 , 0u8 , 0u8 , 0u8 , 0u8 , 0u8 , 0u8 , 0u8 , 0u8 ,] , [0u8 , 0u8 , 0u8 , 0u8 , 0u8 , 0u8 , 0u8 , 0u8 , 0u8 , 0u8 , 0u8 , 0u8 , 0u8 , 0u8 , 0u8 , 0u8 ,] , [0u8 , 0u8 , 0u8 , 0u8 , 0u8 , 0u8 , 0u8 , 0u8 , 0u8 , 0u8 , 0u8 , 0u8 , 0u8 , 0u8 , 0u8 , 0u8 ,] , [0u8 , 0u8 , 0u8 , 0u8 , 0u8 , 0u8 , 0u8 , 0u8 , 0u8 , 0u8 , 0u8 , 0u8 , 0u8 , 0u8 , 0u8 , 0u8 ,] , [0u8 , 0u8 , 0u8 , 0u8 , 0u8 , 0u8 , 0u8 , 0u8 , 0u8 , 0u8 , 0u8 , 0u8 , 0u8 , 0u8 , 0u8 , 0u8 ,] , [0u8 , 0u8 , 0u8 , 0u8 , 0u8 , 0u8 , 0u8 , 0u8 , 0u8 , 0u8 , 0u8 , 0u8 , 0u8 , 0u8 , 0u8 , 0u8 ,] , [0u8 , 0u8 , 0u8 , 0u8 , 0u8 , 0u8 , 0u8 , 0u8 , 0u8 , 0u8 , 0u8 , 0u8 , 0u8 , 0u8 , 0u8 , 0u8 ,] , [0u8 , 0u8 , 0u8 , 0u8 , 0u8 , 0u8 , 0u8 , 0u8 , 0u8 , 0u8 , 0u8 , 0u8 , 0u8 , 0u8 , 0u8 , 0u8 ,] , [0u8 , 0u8 , 0u8 , 0u8 , 0u8 , 0u8 , 0u8 , 0u8 , 0u8 , 0u8 , 0u8 , 0u8 , 0u8 , 0u8 , 0u8 , 0u8 ,] , [0u8 , 0u8 , 0u8 , 0u8 , 0u8 , 0u8 , 0u8 , 0u8 , 0u8 , 0u8 , 0u8 , 0u8 , 0u8 , 0u8 , 0u8 , 0u8 ,] , [0u8 , 0u8 , 0u8 , 0u8 , 0u8 , 0u8 , 0u8 , 0u8 , 0u8 , 0u8 , 0u8 , 0u8 , 0u8 , 0u8 , 0u8 , 0u8 ,] , [0u8 , 0u8 , 0u8 , 0u8 , 0u8 , 0u8 , 0u8 , 0u8 , 0u8 , 0u8 , 0u8 , 0u8 , 0u8 , 0u8 , 0u8 , 0u8 ,] , [0u8 , 0u8 , 0u8 , 0u8 , 0u8 , 0u8 , 0u8 , 0u8 , 0u8 , 0u8 , 0u8 , 0u8 , 0u8 , 0u8 , 0u8 , 0u8 ,] , [0u8 , 0u8 , 0u8 , 0u8 , 0u8 , 0u8 , 0u8 , 0u8 , 0u8 , 0u8 , 0u8 , 32u8 , 80u8 , 80u8 , 32u8 , 0u8 ,] , [0u8 , 62u8 , 32u8 , 32u8 , 32u8 , 32u8 , 32u8 , 32u8 , 32u8 , 32u8 , 0u8 , 0u8 , 0u8 , 0u8 , 0u8 , 0u8 ,] , [0u8 , 0u8 , 0u8 , 0u8 , 0u8 , 0u8 , 16u8 , 16u8 , 16u8 , 16u8 , 16u8 , 16u8 , 16u8 , 16u8 , 240u8 , 0u8 ,] , [0u8 , 0u8 , 0u8 , 0u8 , 0u8 , 0u8 , 0u8 , 0u8 , 0u8 , 0u8 , 0u8 , 0u8 , 32u8 , 16u8 , 16u8 , 0u8 ,] , [0u8 , 0u8 , 0u8 , 0u8 , 0u8 , 0u8 , 0u8 , 24u8 , 24u8 , 0u8 , 0u8 , 0u8 , 0u8 , 0u8 , 0u8 , 0u8 ,] , [0u8 , 0u8 , 126u8 , 2u8 , 2u8 , 2u8 , 126u8 , 4u8 , 4u8 , 8u8 , 8u8 , 16u8 , 32u8 , 64u8 , 0u8 , 0u8 ,] , [0u8 , 0u8 , 0u8 , 0u8 , 0u8 , 0u8 , 0u8 , 252u8 , 36u8 , 40u8 , 48u8 , 32u8 , 64u8 , 64u8 , 128u8 , 0u8 ,] , [0u8 , 0u8 , 0u8 , 0u8 , 0u8 , 0u8 , 8u8 , 8u8 , 16u8 , 48u8 , 80u8 , 144u8 , 16u8 , 16u8 , 16u8 , 0u8 ,] , [0u8 , 0u8 , 0u8 , 0u8 , 0u8 , 0u8 , 32u8 , 32u8 , 252u8 , 132u8 , 132u8 , 136u8 , 8u8 , 16u8 , 32u8 , 0u8 ,] , [0u8 , 0u8 , 0u8 , 0u8 , 0u8 , 0u8 , 0u8 , 0u8 , 124u8 , 16u8 , 16u8 , 16u8 , 16u8 , 254u8 , 0u8 , 0u8 ,] , [0u8 , 0u8 , 0u8 , 0u8 , 0u8 , 0u8 , 8u8 , 8u8 , 254u8 , 8u8 , 24u8 , 40u8 , 72u8 , 136u8 , 24u8 , 0u8 ,] , [0u8 , 0u8 , 0u8 , 0u8 , 0u8 , 0u8 , 64u8 , 32u8 , 62u8 , 228u8 , 40u8 , 16u8 , 16u8 , 16u8 , 0u8 , 0u8 ,] , [0u8 , 0u8 , 0u8 , 0u8 , 0u8 , 0u8 , 0u8 , 0u8 , 120u8 , 8u8 , 8u8 , 8u8 , 254u8 , 0u8 , 0u8 , 0u8 ,] , [0u8 , 0u8 , 0u8 , 0u8 , 0u8 , 0u8 , 0u8 , 124u8 , 4u8 , 4u8 , 124u8 , 4u8 , 4u8 , 124u8 , 0u8 , 0u8 ,] , [0u8 , 0u8 , 0u8 , 0u8 , 0u8 , 0u8 , 36u8 , 148u8 , 84u8 , 68u8 , 8u8 , 8u8 , 16u8 , 32u8 , 0u8 , 0u8 ,] , [0u8 , 0u8 , 0u8 , 0u8 , 0u8 , 0u8 , 60u8 , 0u8 , 0u8 , 0u8 , 0u8 , 0u8 , 0u8 , 0u8 , 0u8 , 0u8 ,] , [0u8 , 0u8 , 254u8 , 2u8 , 18u8 , 18u8 , 20u8 , 24u8 , 16u8 , 16u8 , 32u8 , 32u8 , 64u8 , 128u8 , 0u8 , 0u8 ,] , [0u8 , 2u8 , 2u8 , 4u8 , 4u8 , 8u8 , 24u8 , 40u8 , 72u8 , 136u8 , 8u8 , 8u8 , 8u8 , 8u8 , 0u8 , 0u8 ,] , [0u8 , 16u8 , 16u8 , 16u8 , 254u8 , 130u8 , 130u8 , 130u8 , 130u8 , 4u8 , 4u8 , 8u8 , 16u8 , 32u8 , 0u8 , 0u8 ,] , [0u8 , 0u8 , 0u8 , 254u8 , 16u8 , 16u8 , 16u8 , 16u8 , 16u8 , 16u8 , 16u8 , 16u8 , 255u8 , 0u8 , 0u8 , 0u8 ,] , [0u8 , 8u8 , 8u8 , 8u8 , 254u8 , 8u8 , 24u8 , 24u8 , 40u8 , 40u8 , 72u8 , 136u8 , 8u8 , 24u8 , 0u8 , 0u8 ,] , [0u8 , 16u8 , 16u8 , 16u8 , 254u8 , 18u8 , 18u8 , 18u8 , 18u8 , 34u8 , 34u8 , 34u8 , 66u8 , 140u8 , 0u8 , 0u8 ,] , [0u8 , 32u8 , 32u8 , 60u8 , 224u8 , 16u8 , 16u8 , 30u8 , 240u8 , 8u8 , 8u8 , 8u8 , 8u8 , 8u8 , 0u8 , 0u8 ,] , [0u8 , 32u8 , 32u8 , 62u8 , 34u8 , 34u8 , 66u8 , 68u8 , 132u8 , 8u8 , 8u8 , 16u8 , 32u8 , 64u8 , 0u8 , 0u8 ,] , [0u8 , 64u8 , 64u8 , 64u8 , 126u8 , 72u8 , 72u8 , 72u8 , 136u8 , 8u8 , 16u8 , 16u8 , 32u8 , 64u8 , 0u8 , 0u8 ,] , [0u8 , 0u8 , 0u8 , 254u8 , 2u8 , 2u8 , 2u8 , 2u8 , 2u8 , 2u8 , 2u8 , 254u8 , 2u8 , 0u8 , 0u8 , 0u8 ,] , [0u8 , 36u8 , 36u8 , 36u8 , 36u8 , 254u8 , 36u8 , 36u8 , 36u8 , 36u8 , 4u8 , 8u8 , 16u8 , 32u8 , 0u8 , 0u8 ,] , [0u8 , 0u8 , 96u8 , 16u8 , 0u8 , 0u8 , 194u8 , 34u8 , 4u8 , 4u8 , 8u8 , 16u8 , 32u8 , 192u8 , 0u8 , 0u8 ,] , [0u8 , 0u8 , 0u8 , 254u8 , 4u8 , 4u8 , 4u8 , 8u8 , 8u8 , 24u8 , 20u8 , 36u8 , 66u8 , 130u8 , 0u8 , 0u8 ,] , [0u8 , 64u8 , 64u8 , 64u8 , 64u8 , 78u8 , 114u8 , 196u8 , 72u8 , 64u8 , 64u8 , 64u8 , 64u8 , 62u8 , 0u8 , 0u8 ,] , [0u8 , 0u8 , 2u8 , 130u8 , 66u8 , 66u8 , 66u8 , 4u8 , 4u8 , 8u8 , 8u8 , 16u8 , 32u8 , 64u8 , 0u8 , 0u8 ,] , [0u8 , 32u8 , 32u8 , 62u8 , 34u8 , 66u8 , 98u8 , 84u8 , 140u8 , 8u8 , 8u8 , 16u8 , 32u8 , 64u8 , 0u8 , 0u8 ,] , [0u8 , 2u8 , 12u8 , 120u8 , 8u8 , 8u8 , 255u8 , 8u8 , 8u8 , 8u8 , 8u8 , 16u8 , 32u8 , 64u8 , 0u8 , 0u8 ,] , [0u8 , 0u8 , 32u8 , 34u8 , 146u8 , 146u8 , 66u8 , 68u8 , 4u8 , 8u8 , 8u8 , 16u8 , 32u8 , 64u8 , 0u8 , 0u8 ,] , [0u8 , 0u8 , 126u8 , 0u8 , 0u8 , 0u8 , 254u8 , 8u8 , 8u8 , 8u8 , 8u8 , 16u8 , 32u8 , 64u8 , 0u8 , 0u8 ,] , [0u8 , 32u8 , 32u8 , 32u8 , 32u8 , 48u8 , 40u8 , 36u8 , 34u8 , 34u8 , 32u8 , 32u8 , 32u8 , 32u8 , 0u8 , 0u8 ,] , [0u8 , 8u8 , 8u8 , 8u8 , 254u8 , 8u8 , 8u8 , 8u8 , 8u8 , 8u8 , 16u8 , 16u8 , 32u8 , 64u8 , 0u8 , 0u8 ,] , [0u8 , 0u8 , 0u8 , 124u8 , 0u8 , 0u8 , 0u8 , 0u8 , 0u8 , 0u8 , 0u8 , 255u8 , 0u8 , 0u8 , 0u8 , 0u8 ,] , [0u8 , 0u8 , 126u8 , 2u8 , 2u8 , 36u8 , 20u8 , 8u8 , 12u8 , 20u8 , 18u8 , 34u8 , 64u8 , 128u8 , 0u8 , 0u8 ,] , [16u8 , 16u8 , 16u8 , 254u8 , 4u8 , 4u8 , 8u8 , 24u8 , 52u8 , 82u8 , 146u8 , 16u8 , 16u8 , 16u8 , 0u8 , 0u8 ,] , [0u8 , 2u8 , 2u8 , 2u8 , 4u8 , 4u8 , 4u8 , 8u8 , 8u8 , 16u8 , 32u8 , 64u8 , 128u8 , 0u8 , 0u8 , 0u8 ,] , [0u8 , 0u8 , 8u8 , 8u8 , 36u8 , 36u8 , 36u8 , 34u8 , 34u8 , 34u8 , 34u8 , 66u8 , 66u8 , 130u8 , 0u8 , 0u8 ,] , [0u8 , 64u8 , 64u8 , 64u8 , 66u8 , 76u8 , 112u8 , 64u8 , 64u8 , 64u8 , 64u8 , 64u8 , 64u8 , 62u8 , 0u8 , 0u8 ,] , [0u8 , 0u8 , 254u8 , 2u8 , 2u8 , 2u8 , 2u8 , 4u8 , 4u8 , 8u8 , 8u8 , 16u8 , 32u8 , 64u8 , 0u8 , 0u8 ,] , [0u8 , 0u8 , 32u8 , 32u8 , 80u8 , 80u8 , 136u8 , 136u8 , 4u8 , 2u8 , 1u8 , 0u8 , 0u8 , 0u8 , 0u8 , 0u8 ,] , [0u8 , 16u8 , 16u8 , 16u8 , 254u8 , 16u8 , 24u8 , 84u8 , 84u8 , 82u8 , 82u8 , 146u8 , 16u8 , 48u8 , 0u8 , 0u8 ,] , [0u8 , 0u8 , 0u8 , 254u8 , 2u8 , 2u8 , 4u8 , 4u8 , 200u8 , 48u8 , 16u8 , 8u8 , 4u8 , 4u8 , 0u8 , 0u8 ,] , [0u8 , 96u8 , 24u8 , 4u8 , 0u8 , 0u8 , 96u8 , 24u8 , 4u8 , 0u8 , 224u8 , 24u8 , 4u8 , 2u8 , 0u8 , 0u8 ,] , [0u8 , 16u8 , 16u8 , 16u8 , 16u8 , 16u8 , 16u8 , 40u8 , 36u8 , 36u8 , 34u8 , 78u8 , 242u8 , 2u8 , 0u8 , 0u8 ,] , [0u8 , 4u8 , 4u8 , 4u8 , 4u8 , 100u8 , 24u8 , 8u8 , 12u8 , 18u8 , 16u8 , 32u8 , 64u8 , 128u8 , 0u8 , 0u8 ,] , [0u8 , 0u8 , 254u8 , 32u8 , 32u8 , 32u8 , 254u8 , 32u8 , 32u8 , 32u8 , 32u8 , 32u8 , 30u8 , 0u8 , 0u8 , 0u8 ,] , [0u8 , 32u8 , 32u8 , 32u8 , 23u8 , 57u8 , 210u8 , 18u8 , 12u8 , 8u8 , 8u8 , 4u8 , 4u8 , 4u8 , 0u8 , 0u8 ,] , [0u8 , 0u8 , 0u8 , 0u8 , 124u8 , 4u8 , 4u8 , 4u8 , 4u8 , 4u8 , 4u8 , 4u8 , 255u8 , 0u8 , 0u8 , 0u8 ,] , [0u8 , 0u8 , 254u8 , 2u8 , 2u8 , 2u8 , 2u8 , 126u8 , 2u8 , 2u8 , 2u8 , 2u8 , 2u8 , 254u8 , 0u8 , 0u8 ,] , [0u8 , 0u8 , 124u8 , 0u8 , 0u8 , 0u8 , 254u8 , 2u8 , 2u8 , 4u8 , 4u8 , 8u8 , 16u8 , 96u8 , 0u8 , 0u8 ,] , [0u8 , 4u8 , 68u8 , 68u8 , 68u8 , 68u8 , 68u8 , 68u8 , 68u8 , 4u8 , 8u8 , 8u8 , 16u8 , 32u8 , 0u8 , 0u8 ,] , [0u8 , 8u8 , 8u8 , 40u8 , 40u8 , 40u8 , 40u8 , 41u8 , 41u8 , 42u8 , 74u8 , 76u8 , 72u8 , 128u8 , 0u8 , 0u8 ,] , [0u8 , 0u8 , 64u8 , 64u8 , 64u8 , 64u8 , 64u8 , 64u8 , 66u8 , 68u8 , 68u8 , 72u8 , 80u8 , 96u8 , 0u8 , 0u8 ,] , [0u8 , 0u8 , 0u8 , 254u8 , 130u8 , 130u8 , 130u8 , 130u8 , 130u8 , 130u8 , 130u8 , 254u8 , 130u8 , 0u8 , 0u8 , 0u8 ,] , [0u8 , 0u8 , 0u8 , 254u8 , 130u8 , 130u8 , 130u8 , 130u8 , 2u8 , 4u8 , 4u8 , 8u8 , 16u8 , 32u8 , 0u8 , 0u8 ,] , [0u8 , 0u8 , 0u8 , 192u8 , 32u8 , 2u8 , 2u8 , 2u8 , 4u8 , 4u8 , 8u8 , 16u8 , 32u8 , 192u8 , 0u8 , 0u8 ,] , [0u8 , 144u8 , 72u8 , 72u8 , 0u8 , 0u8 , 0u8 , 0u8 , 0u8 , 0u8 , 0u8 , 0u8 , 0u8 , 0u8 , 0u8 , 0u8 ,] , [0u8 , 96u8 , 144u8 , 144u8 , 96u8 , 0u8 , 0u8 , 0u8 , 0u8 , 0u8 , 0u8 , 0u8 , 0u8 , 0u8 , 0u8 , 0u8 ,] , [0u8 , 0u8 , 0u8 , 0u8 , 0u8 , 0u8 , 0u8 , 0u8 , 0u8 , 0u8 , 0u8 , 0u8 , 0u8 , 0u8 , 0u8 , 0u8 ,] , [0u8 , 0u8 , 0u8 , 0u8 , 0u8 , 0u8 , 0u8 , 0u8 , 0u8 , 0u8 , 0u8 , 0u8 , 0u8 , 0u8 , 0u8 , 0u8 ,] , [0u8 , 0u8 , 0u8 , 0u8 , 0u8 , 0u8 , 0u8 , 0u8 , 0u8 , 0u8 , 0u8 , 0u8 , 0u8 , 0u8 , 0u8 , 0u8 ,] , [0u8 , 0u8 , 0u8 , 0u8 , 0u8 , 0u8 , 0u8 , 0u8 , 0u8 , 0u8 , 0u8 , 0u8 , 0u8 , 0u8 , 0u8 , 0u8 ,] , [0u8 , 0u8 , 0u8 , 0u8 , 0u8 , 0u8 , 0u8 , 0u8 , 0u8 , 0u8 , 0u8 , 0u8 , 0u8 , 0u8 , 0u8 , 0u8 ,] , [0u8 , 0u8 , 0u8 , 0u8 , 0u8 , 0u8 , 0u8 , 0u8 , 0u8 , 0u8 , 0u8 , 0u8 , 0u8 , 0u8 , 0u8 , 0u8 ,] , [0u8 , 0u8 , 0u8 , 0u8 , 0u8 , 0u8 , 0u8 , 0u8 , 0u8 , 0u8 , 0u8 , 0u8 , 0u8 , 0u8 , 0u8 , 0u8 ,] , [0u8 , 0u8 , 0u8 , 0u8 , 0u8 , 0u8 , 0u8 , 0u8 , 0u8 , 0u8 , 0u8 , 0u8 , 0u8 , 0u8 , 0u8 , 0u8 ,] , [0u8 , 0u8 , 0u8 , 0u8 , 0u8 , 0u8 , 0u8 , 0u8 , 0u8 , 0u8 , 0u8 , 0u8 , 0u8 , 0u8 , 0u8 , 0u8 ,] , [0u8 , 0u8 , 0u8 , 0u8 , 0u8 , 0u8 , 0u8 , 0u8 , 0u8 , 0u8 , 0u8 , 0u8 , 0u8 , 0u8 , 0u8 , 0u8 ,] , [0u8 , 0u8 , 0u8 , 0u8 , 0u8 , 0u8 , 0u8 , 0u8 , 0u8 , 0u8 , 0u8 , 0u8 , 0u8 , 0u8 , 0u8 , 0u8 ,] , [0u8 , 0u8 , 0u8 , 0u8 , 0u8 , 0u8 , 0u8 , 0u8 , 0u8 , 0u8 , 0u8 , 0u8 , 0u8 , 0u8 , 0u8 , 0u8 ,] , [0u8 , 0u8 , 0u8 , 0u8 , 0u8 , 0u8 , 0u8 , 0u8 , 0u8 , 0u8 , 0u8 , 0u8 , 0u8 , 0u8 , 0u8 , 0u8 ,] , [0u8 , 0u8 , 0u8 , 0u8 , 0u8 , 0u8 , 0u8 , 0u8 , 0u8 , 0u8 , 0u8 , 0u8 , 0u8 , 0u8 , 0u8 , 0u8 ,] , [0u8 , 0u8 , 0u8 , 0u8 , 0u8 , 0u8 , 0u8 , 0u8 , 0u8 , 0u8 , 0u8 , 0u8 , 0u8 , 0u8 , 0u8 , 0u8 ,] , [0u8 , 0u8 , 0u8 , 0u8 , 0u8 , 0u8 , 0u8 , 0u8 , 0u8 , 0u8 , 0u8 , 0u8 , 0u8 , 0u8 , 0u8 , 0u8 ,] , [0u8 , 0u8 , 0u8 , 0u8 , 0u8 , 0u8 , 0u8 , 0u8 , 0u8 , 0u8 , 0u8 , 0u8 , 0u8 , 0u8 , 0u8 , 0u8 ,] , [0u8 , 0u8 , 0u8 , 0u8 , 0u8 , 0u8 , 0u8 , 0u8 , 0u8 , 0u8 , 0u8 , 0u8 , 0u8 , 0u8 , 0u8 , 0u8 ,] , [0u8 , 0u8 , 0u8 , 0u8 , 0u8 , 0u8 , 0u8 , 0u8 , 0u8 , 0u8 , 0u8 , 0u8 , 0u8 , 0u8 , 0u8 , 0u8 ,] , [0u8 , 0u8 , 0u8 , 0u8 , 0u8 , 0u8 , 0u8 , 0u8 , 0u8 , 0u8 , 0u8 , 0u8 , 0u8 , 0u8 , 0u8 , 0u8 ,] , [0u8 , 0u8 , 0u8 , 0u8 , 0u8 , 0u8 , 0u8 , 0u8 , 0u8 , 0u8 , 0u8 , 0u8 , 0u8 , 0u8 , 0u8 , 0u8 ,] , [0u8 , 0u8 , 0u8 , 0u8 , 0u8 , 0u8 , 0u8 , 0u8 , 0u8 , 0u8 , 0u8 , 0u8 , 0u8 , 0u8 , 0u8 , 0u8 ,] , [0u8 , 0u8 , 0u8 , 0u8 , 0u8 , 0u8 , 0u8 , 0u8 , 0u8 , 0u8 , 0u8 , 0u8 , 0u8 , 0u8 , 0u8 , 0u8 ,] , [0u8 , 0u8 , 0u8 , 0u8 , 0u8 , 0u8 , 0u8 , 0u8 , 0u8 , 0u8 , 0u8 , 0u8 , 0u8 , 0u8 , 0u8 , 0u8 ,] , [0u8 , 0u8 , 0u8 , 0u8 , 0u8 , 0u8 , 0u8 , 0u8 , 0u8 , 0u8 , 0u8 , 0u8 , 0u8 , 0u8 , 0u8 , 0u8 ,] , [0u8 , 0u8 , 0u8 , 0u8 , 0u8 , 0u8 , 0u8 , 0u8 , 0u8 , 0u8 , 0u8 , 0u8 , 0u8 , 0u8 , 0u8 , 0u8 ,] , [0u8 , 0u8 , 0u8 , 0u8 , 0u8 , 0u8 , 0u8 , 0u8 , 0u8 , 0u8 , 0u8 , 0u8 , 0u8 , 0u8 , 0u8 , 0u8 ,] , [0u8 , 0u8 , 0u8 , 0u8 , 0u8 , 0u8 , 0u8 , 0u8 , 0u8 , 0u8 , 0u8 , 0u8 , 0u8 , 0u8 , 0u8 , 0u8 ,] , [0u8 , 0u8 , 0u8 , 0u8 , 0u8 , 0u8 , 0u8 , 0u8 , 0u8 , 0u8 , 0u8 , 0u8 , 0u8 , 0u8 , 0u8 , 0u8 ,] , [0u8 , 0u8 , 0u8 , 0u8 , 0u8 , 0u8 , 0u8 , 0u8 , 0u8 , 0u8 , 0u8 , 0u8 , 0u8 , 0u8 , 0u8 , 0u8 ,] , [0u8 , 0u8 , 0u8 , 0u8 , 0u8 , 0u8 , 0u8 , 0u8 , 0u8 , 0u8 , 0u8 , 0u8 , 0u8 , 0u8 , 0u8 , 0u8 ,] , [0u8 , 0u8 , 0u8 , 0u8 , 0u8 , 0u8 , 0u8 , 0u8 , 0u8 , 0u8 , 0u8 , 0u8 , 0u8 , 0u8 , 0u8 , 0u8 ,] ,] ;
